mode: set
github.com/DangPham112000/go-ecommerce-backend-api/tests/basic/main.go:3.26,5.2 1 1
github.com/DangPham112000/go-ecommerce-backend-api/tests/basic/main.go:7.27,8.11 1 1
github.com/DangPham112000/go-ecommerce-backend-api/tests/basic/main.go:8.11,10.3 1 0
github.com/DangPham112000/go-ecommerce-backend-api/tests/basic/main.go:11.2,11.16 1 1
